// Jest Snapshot v1, https://goo.gl/fbAQLP

exports[`BreedList load all the breeds 1`] = `ShallowWrapper {}`;

exports[`renders learn react link 1`] = `ShallowWrapper {}`;
